a vaut true
a vaut true
a vaut true
a vaut true
a vaut true
a vaut true
a vaut true
a vaut true
a vaut true
a vaut true
