`> Program
   +> ListDeclClass [List with 0 elements]
   `> Main
      +> ListDeclVar [List with 1 elements]
      |  []> DeclVar
      |      +> Identifier (string)
      |      +> Identifier (s)
      |      `> Initialization
      |         `> StringLiteral (hello)
      `> ListInst [List with 0 elements]
