`> Program
   +> ListDeclClass [List with 0 elements]
   `> Main
      +> ListDeclVar [List with 1 elements]
      |  []> DeclVar
      |      +> Identifier (int)
      |      +> Identifier (a)
      |      `> NoInitialization
      `> ListInst [List with 0 elements]
