`> Program
   +> ListDeclClass [List with 0 elements]
   `> Main
      +> ListDeclVar [List with 0 elements]
      `> ListInst [List with 1 elements]
         []> NotEquals
             +> Int (4)
             `> Int (4)
