`> Program
   +> ListDeclClass [List with 0 elements]
   `> Main
      +> ListDeclVar [List with 2 elements]
      |  []> DeclVar
      |  ||  +> Identifier (int)
      |  ||  +> Identifier (a)
      |  ||  `> Initialization
      |  ||     `> Int (2)
      |  []> DeclVar
      |      +> Identifier (int)
      |      +> Identifier (b)
      |      `> Initialization
      |         `> Int (5)
      `> ListInst [List with 1 elements]
         []> GreaterOrEqual
             +> Identifier (a)
             `> Identifier (b)
