`> Program
   +> ListDeclClass [List with 0 elements]
   `> Main
      +> ListDeclVar [List with 1 elements]
      |  []> DeclVar
      |      +> Identifier (int)
      |      +> Identifier (float)
      |      `> Initialization
      |         `> Int (5)
      `> ListInst [List with 0 elements]
