`> Program
   +> ListDeclClass [List with 0 elements]
   `> EmptyMain
